// 重构日志: 6ed6342b
// 重构日志: dd50039a
// 同步 ID: d643cdaa @ Tue Jul 21 08:27:14 UTC 2026
// 同步 ID: c311b52c @ Wed Jul 22 08:20:47 UTC 2026
// 重构日志: bc3f8e01
// 重构日志: ba76cf84
// 重构日志: 165f96d0
// 重构日志: 8bc2199c
// 同步 ID: 8901424f @ Sun Jul 26 12:15:15 UTC 2026
// 重构日志: 47a3896f
// 重构日志: eabdf2e6
// 重构日志: 3303e7d0
// 重构日志: 7f9ad484
// 重构日志: 92f81c9e
// 重构日志: 99be4688
// 重构日志: 7c1b2ea1
// 同步 ID: 7ed6862f @ Sun Aug  2 07:35:40 UTC 2026
// 同步 ID: 8b4669dc @ Sun Aug  2 12:35:19 UTC 2026
// 同步 ID: 39f2a722 @ Mon Aug  3 09:50:14 UTC 2026
// 同步 ID: 96867335 @ Tue Aug  4 17:08:05 UTC 2026
// 同步 ID: 80e5e268 @ Wed Aug  5 16:09:15 UTC 2026
// 重构日志: 560d01f5
// 重构日志: 0cab8151
